C51 COMPILER V9.54   LED1602                                                               02/14/2024 22:06:37 PAGE 1   


C51 COMPILER V9.54, COMPILATION OF MODULE LED1602
OBJECT MODULE PLACED IN .\Objects\Led1602.obj
COMPILER INVOKED BY: D:\software\Keil_v5\C51\BIN\C51.EXE Led1602.c OPTIMIZE(8,SPEED) BROWSE DEBUG OBJECTEXTEND PRINT(.\L
                    -istings\Led1602.lst) TABS(2) OBJECT(.\Objects\Led1602.obj)

line level    source

   1          #include <reg52.h>
   2          
   3          #define LCD1602_DB  P0
   4          sbit LCD1602_RS = P1^0;
   5          sbit LCD1602_RW = P1^1;
   6          sbit LCD1602_E  = P1^5;
   7          
   8          /* 等待液晶准备好 */
   9          void LcdWaitReady()
  10          {
  11   1          unsigned char sta;
  12   1          
  13   1          LCD1602_DB = 0xFF;
  14   1          LCD1602_RS = 0;
  15   1          LCD1602_RW = 1;
  16   1          do {
  17   2              LCD1602_E = 1;
  18   2              sta = LCD1602_DB; //读取状态字
  19   2              LCD1602_E = 0;
  20   2          } while (sta & 0x80); //bit7等于1表示液晶正忙，重复检测直到其等于0为止
  21   1      }
  22          /* 向LCD1602液晶写入一字节命令，cmd-待写入命令值 */
  23          void LcdWriteCmd(unsigned char cmd)
  24          {
  25   1          LcdWaitReady();
  26   1          LCD1602_RS = 0;
  27   1          LCD1602_RW = 0;
  28   1          LCD1602_DB = cmd;
  29   1          LCD1602_E  = 1;
  30   1          LCD1602_E  = 0;
  31   1      }
  32          /* 向LCD1602液晶写入一字节数据，dat-待写入数据值 */
  33          void LcdWriteDat(unsigned char dat)
  34          {
  35   1          LcdWaitReady();
  36   1          LCD1602_RS = 1;
  37   1          LCD1602_RW = 0;
  38   1          LCD1602_DB = dat;
  39   1          LCD1602_E  = 1;
  40   1          LCD1602_E  = 0;
  41   1      }
  42          /* 设置显示RAM起始地址，亦即光标位置，(x,y)-对应屏幕上的字符坐标 */
  43          void LcdSetCursor(unsigned char x, unsigned char y)
  44          {
  45   1          unsigned char addr;
  46   1          
  47   1          if (y == 0)  //由输入的屏幕坐标计算显示RAM的地址
  48   1              addr = 0x00 + x;  //第一行字符地址从0x00起始
  49   1          else
  50   1              addr = 0x40 + x;  //第二行字符地址从0x40起始
  51   1          LcdWriteCmd(addr | 0x80);  //设置RAM地址
  52   1      }
  53          /* 在液晶上显示字符串，(x,y)-对应屏幕上的起始坐标，
  54             str-字符串指针，len-需显示的字符长度 */
C51 COMPILER V9.54   LED1602                                                               02/14/2024 22:06:37 PAGE 2   

  55          void LcdShowStr(unsigned char x, unsigned char y, 
  56                          unsigned char *str, unsigned char len)
  57          {
  58   1          LcdSetCursor(x, y);   //设置起始地址
  59   1          while (len--)         //连续写入len个字符数据
  60   1          {
  61   2              LcdWriteDat(*str++);  //先取str指向的数据，然后str自加1
  62   2          }
  63   1      }
  64          /* 初始化1602液晶 */
  65          void InitLcd1602()
  66          {
  67   1          LcdWriteCmd(0x38);  //16*2显示，5*7点阵，8位数据接口
  68   1          LcdWriteCmd(0x0C);  //显示器开，光标关闭
  69   1          LcdWriteCmd(0x06);  //文字不动，地址自动+1
  70   1          LcdWriteCmd(0x01);  //清屏
  71   1      }


MODULE INFORMATION:   STATIC OVERLAYABLE
   CODE SIZE        =    128    ----
   CONSTANT SIZE    =   ----    ----
   XDATA SIZE       =   ----    ----
   PDATA SIZE       =   ----    ----
   DATA SIZE        =   ----       6
   IDATA SIZE       =   ----    ----
   BIT SIZE         =   ----    ----
END OF MODULE INFORMATION.


C51 COMPILATION COMPLETE.  0 WARNING(S),  0 ERROR(S)
