C51 COMPILER V9.54   MAIN                                                                  02/17/2024 22:29:46 PAGE 1   


C51 COMPILER V9.54, COMPILATION OF MODULE MAIN
OBJECT MODULE PLACED IN .\Objects\main.obj
COMPILER INVOKED BY: D:\software\Keil_v5\C51\BIN\C51.EXE main.c OPTIMIZE(8,SPEED) BROWSE DEBUG OBJECTEXTEND PRINT(.\List
                    -ings\main.lst) TABS(2) OBJECT(.\Objects\main.obj)

line level    source

   1          
   2          #include <reg52.h>
   3          
   4          sbit BUZZ = P1^6;  //蜂鸣器控制引脚
   5          
   6          bit flagBuzzOn = 0;   //蜂鸣器启动标志
   7          unsigned char T0RH = 0;  //T0重载值的高字节
   8          unsigned char T0RL = 0;  //T0重载值的低字节
   9          
  10          void ConfigTimer0(unsigned int ms);
  11          extern void LcdInit();
  12          extern void ConfigUART(unsigned int baud);
  13          extern void UartRxMonitor(unsigned char ms);
  14          extern void UartDriver();
  15          
  16          void main ()
  17          {
  18   1          EA = 1;           //开总中断
  19   1          ConfigTimer0(1);  //配置T0定时1ms
  20   1          ConfigUART(9600); //配置波特率为9600
  21   1          LcdInit();        //初始化液晶
  22   1          
  23   1          while(1)
  24   1          {
  25   2              UartDriver();
  26   2          }
  27   1      }
  28          
  29          void ConfigTimer0(unsigned int ms)  //T0配置函数
  30          {
  31   1          unsigned long tmp;
  32   1          
  33   1          tmp = 11059200 / 12;      //定时器计数频率
  34   1          tmp = (tmp * ms) / 1000;  //计算所需的计数值
  35   1          tmp = 65536 - tmp;        //计算定时器重载值
  36   1          tmp = tmp + 34;           //修正中断响应延时造成的误差
  37   1          
  38   1          T0RH = (unsigned char)(tmp >> 8);  //定时器重载值拆分为高低字节
  39   1          T0RL = (unsigned char)tmp;
  40   1          TMOD &= 0xF0;   //清零T0的控制位
  41   1          TMOD |= 0x01;   //配置T0为模式1
  42   1          TH0 = T0RH;     //加载T0重载值
  43   1          TL0 = T0RL;
  44   1          ET0 = 1;        //使能T0中断
  45   1          TR0 = 1;        //启动T0
  46   1      }
  47          void InterruptTimer0() interrupt 1  //T0中断服务函数
  48          {
  49   1          TH0 = T0RH;  //定时器重新加载重载值
  50   1          TL0 = T0RL;
  51   1          if (flagBuzzOn)  //蜂鸣器鸣叫或关闭
  52   1              BUZZ = ~BUZZ;
  53   1          else
  54   1              BUZZ = 1;
C51 COMPILER V9.54   MAIN                                                                  02/17/2024 22:29:46 PAGE 2   

  55   1          UartRxMonitor(1);  //串口接收监控
  56   1      }


MODULE INFORMATION:   STATIC OVERLAYABLE
   CODE SIZE        =    221    ----
   CONSTANT SIZE    =   ----    ----
   XDATA SIZE       =   ----    ----
   PDATA SIZE       =   ----    ----
   DATA SIZE        =      2       4
   IDATA SIZE       =   ----    ----
   BIT SIZE         =      1    ----
END OF MODULE INFORMATION.


C51 COMPILATION COMPLETE.  0 WARNING(S),  0 ERROR(S)
